// Jest Snapshot v1, https://goo.gl/fbAQLP

exports[`it renders gift options in venia cart page 1`] = `
<form
  onKeyDown={[Function]}
  onReset={[Function]}
  onSubmit={[Function]}
>
  <ul>
    <label
      htmlFor="includeGiftReceipt"
    >
      <input
        checked={true}
        id="includeGiftReceipt"
        name="includeGiftReceipt"
        onBlur={[Function]}
        onChange={[Function]}
        onClick={[Function]}
        type="checkbox"
      />
      <span>
        <svg
          fill="none"
          height="24"
          stroke="currentColor"
          strokeLinecap="round"
          strokeLinejoin="round"
          strokeWidth="2"
          viewBox="0 0 24 24"
          width="24"
          xmlns="http://www.w3.org/2000/svg"
        >
          <rect
            height="18"
            rx="2"
            ry="2"
            width="18"
            x="3"
            y="3"
          />
        </svg>
      </span>
      <span>
        Include gift receipt
      </span>
    </label>
    <p />
  </ul>
  <ul>
    <label
      htmlFor="includePrintedCard"
    >
      <input
        checked={false}
        id="includePrintedCard"
        name="includePrintedCard"
        onBlur={[Function]}
        onChange={[Function]}
        onClick={[Function]}
        type="checkbox"
      />
      <span>
        <svg
          fill="none"
          height="24"
          stroke="currentColor"
          strokeLinecap="round"
          strokeLinejoin="round"
          strokeWidth="2"
          viewBox="0 0 24 24"
          width="24"
          xmlns="http://www.w3.org/2000/svg"
        >
          <rect
            height="18"
            rx="2"
            ry="2"
            width="18"
            x="3"
            y="3"
          />
        </svg>
      </span>
      <span>
        Include printed card
      </span>
    </label>
    <p />
  </ul>
  <ul />
</form>
`;
